round0:
8 R N B Q K B N R 
7 P P P P P P P P 
6 - - - - - - - - 
5 - - - - - - - - 
4 - - - - - - - - 
3 - - - - - - - - 
2 p p p p p p p p 
1 r n b q k b n r 
  a b c d e f g h 
player(1)'s turn:
capture moves: 
placeful moves: b1c3 b1a3 g1h3 g1f3 a2a4 a2a3 b2b4 b2b3 c2c4 c2c3 d2d4 d2d3 e2e4 e2e3 f2f4 f2f3 g2g4 g2g3 h2h4 h2h3 
round0:
8 R N B Q K B N R 
7 P P P P P P P P 
6 - - - - - - - - 
5 - - - - - - - - 
4 - - - - - - - - 
3 - - n - - - - - 
2 p p p p p p p p 
1 r - b q k b n r 
  a b c d e f g h 
player(2)'s turn:
capture moves: 
placeful moves: b8c6 b8a6 g8h6 g8f6 a7a5 a7a6 b7b5 b7b6 c7c5 c7c6 d7d5 d7d6 e7e5 e7e6 f7f5 f7f6 g7g5 g7g6 h7h5 h7h6 
round1:
8 R N B Q K B N R 
7 P P P - P P P P 
6 - - - - - - - - 
5 - - - P - - - - 
4 - - - - - - - - 
3 - - n - - - - - 
2 p p p p p p p p 
1 r - b q k b n r 
  a b c d e f g h 
player(1)'s turn:
capture moves: c3d5 
placeful moves: c3e4 c3a4 c3b5 c3b1 g1h3 g1f3 a1b1 a2a4 a2a3 b2b4 b2b3 d2d4 d2d3 e2e4 e2e3 f2f4 f2f3 g2g4 g2g3 h2h4 h2h3 
round1:
8 R N B Q K B N R 
7 P P P - P P P P 
6 - - - - - - - - 
5 - - - n - - - - 
4 - - - - - - - - 
3 - - - - - - - - 
2 p p p p p p p p 
1 r - b q k b n r 
  a b c d e f g h 
player(2)'s turn:
capture moves: d8d5 
placeful moves: e8d7 d8d7 d8d6 c8d7 c8e6 c8f5 c8g4 c8h3 b8d7 b8c6 b8a6 g8h6 g8f6 a7a5 a7a6 b7b5 b7b6 c7c5 c7c6 e7e5 e7e6 f7f5 f7f6 g7g5 g7g6 h7h5 h7h6 
round2:
8 R N B - K B N R 
7 P P P - P P P P 
6 - - - - - - - - 
5 - - - Q - - - - 
4 - - - - - - - - 
3 - - - - - - - - 
2 p p p p p p p p 
1 r - b q k b n r 
  a b c d e f g h 
player(1)'s turn:
capture moves: 
placeful moves: g1h3 g1f3 a1b1 a2a4 a2a3 b2b4 b2b3 c2c4 c2c3 d2d4 d2d3 e2e4 e2e3 f2f4 f2f3 g2g4 g2g3 h2h4 h2h3 
round2:
8 R N B - K B N R 
7 P P P - P P P P 
6 - - - - - - - - 
5 - - - Q - - - - 
4 p - - - - - - - 
3 - - - - - - - - 
2 - p p p p p p p 
1 r - b q k b n r 
  a b c d e f g h 
player(2)'s turn:
capture moves: d5d2 d5g2 
placeful moves: e8d8 e8d7 d5e5 d5f5 d5g5 d5h5 d5c5 d5b5 d5a5 d5d6 d5d7 d5d8 d5d4 d5d3 d5e6 d5c6 d5e4 d5f3 d5c4 d5b3 d5a2 c8d7 c8e6 c8f5 c8g4 c8h3 b8d7 b8c6 b8a6 g8h6 g8f6 a7a5 a7a6 b7b5 b7b6 c7c5 c7c6 e7e5 e7e6 f7f5 f7f6 g7g5 g7g6 h7h5 h7h6 
round3:
8 R N B - K B N R 
7 P P P - P P P P 
6 - - - - - - - - 
5 - - - - - - - - 
4 p - - - - - - - 
3 - - - - - - - - 
2 - p p Q p p p p 
1 r - b q k b n r 
  a b c d e f g h 
player(1)'s turn:
capture moves: e1d2 d1d2 c1d2 
placeful moves: 
round3:
8 R N B - K B N R 
7 P P P - P P P P 
6 - - - - - - - - 
5 - - - - - - - - 
4 p - - - - - - - 
3 - - - - - - - - 
2 - p p k p p p p 
1 r - b q - b n r 
  a b c d e f g h 
player(2)'s turn:
capture moves: 
placeful moves: e8d8 e8d7 c8d7 c8e6 c8f5 c8g4 c8h3 b8d7 b8c6 b8a6 g8h6 g8f6 a7a5 a7a6 b7b5 b7b6 c7c5 c7c6 e7e5 e7e6 f7f5 f7f6 g7g5 g7g6 h7h5 h7h6 
round4:
8 R N - - K B N R 
7 P P P - P P P P 
6 - - - - - - - - 
5 - - - - - - - - 
4 p - - - - - B - 
3 - - - - - - - - 
2 - p p k p p p p 
1 r - b q - b n r 
  a b c d e f g h 
player(1)'s turn:
capture moves: 
placeful moves: d2d3 d2e3 d2e1 d2c3 d1e1 g1h3 g1f3 a1b1 a1a2 a1a3 a4a5 b2b4 b2b3 c2c4 c2c3 e2e4 e2e3 f2f4 f2f3 g2g3 h2h4 h2h3 
round4:
8 R N - - K B N R 
7 P P P - P P P P 
6 - - - - - - - - 
5 - - - - - - - - 
4 p - - - - - B - 
3 - - - k - - - - 
2 - p p - p p p p 
1 r - b q - b n r 
  a b c d e f g h 
player(2)'s turn:
capture moves: g4e2 
placeful moves: e8d8 e8d7 g4h5 g4f5 g4e6 g4d7 g4c8 g4h3 g4f3 b8d7 b8c6 b8a6 g8h6 g8f6 a7a5 a7a6 b7b5 b7b6 c7c5 c7c6 e7e5 e7e6 f7f5 f7f6 g7g5 g7g6 h7h5 h7h6 
round5:
8 R N - - K B N R 
7 P P P - P P P P 
6 - - - - - - - - 
5 - - - - - - - - 
4 p - - - - - - - 
3 - - - k - - - - 
2 - p p - B p p p 
1 r - b q - b n r 
  a b c d e f g h 
player(1)'s turn:
capture moves: d3e2 d1e2 f1e2 g1e2 
placeful moves: d3e3 d3c3 d3d4 d3d2 d3e4 
round5:
8 R N - - K B N R 
7 P P P - P P P P 
6 - - - - - - - - 
5 - - - - - - - - 
4 p - - - - - - - 
3 - - - - - - - - 
2 - p p - k p p p 
1 r - b q - b n r 
  a b c d e f g h 
player(2)'s turn:
capture moves: 
placeful moves: b8d7 b8c6 b8a6 g8h6 g8f6 a7a5 a7a6 b7b5 b7b6 c7c5 c7c6 e7e5 e7e6 f7f5 f7f6 g7g5 g7g6 h7h5 h7h6 
round6:
8 R N - - K B N R 
7 P P P - P P P - 
6 - - - - - - - P 
5 - - - - - - - - 
4 p - - - - - - - 
3 - - - - - - - - 
2 - p p - k p p p 
1 r - b q - b n r 
  a b c d e f g h 
player(1)'s turn:
capture moves: c1h6 
placeful moves: e2d2 e2e3 e2e1 e2f3 e2d3 d1e1 d1d2 d1d3 d1d4 d1d5 d1d6 d1d7 d1d8 c1d2 c1e3 c1f4 c1g5 g1h3 g1f3 a1b1 a1a2 a1a3 a4a5 b2b4 b2b3 c2c4 c2c3 f2f4 f2f3 g2g4 g2g3 h2h4 h2h3 
round6:
8 R N - - K B N R 
7 P P P - P P P - 
6 - - - - - - - b 
5 - - - - - - - - 
4 p - - - - - - - 
3 - - - - - - - - 
2 - p p - k p p p 
1 r - - q - b n r 
  a b c d e f g h 
player(2)'s turn:
capture moves: g8h6 h8h6 g7h6 
placeful moves: b8d7 b8c6 b8a6 g8f6 h8h7 a7a5 a7a6 b7b5 b7b6 c7c5 c7c6 e7e5 e7e6 f7f5 f7f6 g7g5 g7g6 
round7:
8 R N - - K B N - 
7 P P P - P P P - 
6 - - - - - - - R 
5 - - - - - - - - 
4 p - - - - - - - 
3 - - - - - - - - 
2 - p p - k p p p 
1 r - - q - b n r 
  a b c d e f g h 
player(1)'s turn:
capture moves: 
placeful moves: e2d2 e2e3 e2e1 e2f3 e2d3 d1e1 d1c1 d1b1 d1d2 d1d3 d1d4 d1d5 d1d6 d1d7 d1d8 g1h3 g1f3 a1b1 a1c1 a1a2 a1a3 a4a5 b2b4 b2b3 c2c4 c2c3 f2f4 f2f3 g2g4 g2g3 h2h4 h2h3 
round7:
8 R N - q K B N - 
7 P P P - P P P - 
6 - - - - - - - R 
5 - - - - - - - - 
4 p - - - - - - - 
3 - - - - - - - - 
2 - p p - k p p p 
1 r - - - - b n r 
  a b c d e f g h 
player(2)'s turn:
capture moves: e8d8 
placeful moves: 
round8:
8 R N - K - B N - 
7 P P P - P P P - 
6 - - - - - - - R 
5 - - - - - - - - 
4 p - - - - - - - 
3 - - - - - - - - 
2 - p p - k p p p 
1 r - - - - b n r 
  a b c d e f g h 
player(1)'s turn:
capture moves: 
placeful moves: e2d2 e2e3 e2e1 e2f3 e2d3 e2d1 g1h3 g1f3 a1b1 a1c1 a1d1 a1e1 a1a2 a1a3 a4a5 b2b4 b2b3 c2c4 c2c3 f2f4 f2f3 g2g4 g2g3 h2h4 h2h3 
round8:
8 R N - K - B N - 
7 P P P - P P P - 
6 - - - - - - - R 
5 - - - - - - - - 
4 p - - - - - - - 
3 - - - - - - - - 
2 - p p - k p p p 
1 - - - r - b n r 
  a b c d e f g h 
player(2)'s turn:
capture moves: 
placeful moves: d8e8 d8c8 b8d7 h6d6 
round9:
8 R N - - K B N - 
7 P P P - P P P - 
6 - - - - - - - R 
5 - - - - - - - - 
4 p - - - - - - - 
3 - - - - - - - - 
2 - p p - k p p p 
1 - - - r - b n r 
  a b c d e f g h 
player(1)'s turn:
capture moves: 
placeful moves: e2d2 e2e3 e2e1 e2f3 e2d3 g1h3 g1f3 d1e1 d1c1 d1b1 d1a1 d1d2 d1d3 d1d4 d1d5 d1d6 d1d7 d1d8 a4a5 b2b4 b2b3 c2c4 c2c3 f2f4 f2f3 g2g4 g2g3 h2h4 h2h3 
round9:
8 R N - r K B N - 
7 P P P - P P P - 
6 - - - - - - - R 
5 - - - - - - - - 
4 p - - - - - - - 
3 - - - - - - - - 
2 - p p - k p p p 
1 - - - - - b n r 
  a b c d e f g h 
player(2)'s turn:
capture moves: e8d8 
placeful moves: 
round10:
8 R N - K - B N - 
7 P P P - P P P - 
6 - - - - - - - R 
5 - - - - - - - - 
4 p - - - - - - - 
3 - - - - - - - - 
2 - p p - k p p p 
1 - - - - - b n r 
  a b c d e f g h 
player(1)'s turn:
capture moves: 
placeful moves: e2d2 e2e3 e2e1 e2f3 e2d3 e2d1 g1h3 g1f3 a4a5 b2b4 b2b3 c2c4 c2c3 f2f4 f2f3 g2g4 g2g3 h2h4 h2h3 
round10:
8 R N - K - B N - 
7 P P P - P P P - 
6 - - - - - - - R 
5 - - - - - - - - 
4 p - - - - - - - 
3 - - - - - - - - 
2 - p p k - p p p 
1 - - - - - b n r 
  a b c d e f g h 
player(2)'s turn:
capture moves: h6h2 
placeful moves: d8e8 d8c8 d8d7 b8d7 b8c6 b8a6 g8f6 h6g6 h6f6 h6e6 h6d6 h6c6 h6b6 h6a6 h6h7 h6h8 h6h5 h6h4 h6h3 a7a5 a7a6 b7b5 b7b6 c7c5 c7c6 e7e5 e7e6 f7f5 f7f6 g7g5 g7g6 
round11:
8 R N - K - B N - 
7 P P P - P P P - 
6 - - - - - - - - 
5 - - - - - - - - 
4 p - - - - - - - 
3 - - - - - - - - 
2 - p p k - p p R 
1 - - - - - b n r 
  a b c d e f g h 
player(1)'s turn:
capture moves: h1h2 
placeful moves: d2e2 d2d3 d2d1 d2e3 d2e1 d2c3 d2c1 f1e2 f1d3 f1c4 f1b5 f1a6 g1e2 g1h3 g1f3 a4a5 b2b4 b2b3 c2c4 c2c3 f2f4 f2f3 g2g4 g2g3 
round11:
8 R N - K - B N - 
7 P P P - P P P - 
6 - - - - - - - - 
5 - - - - - - - - 
4 p - - - - - - - 
3 - - - - - - - - 
2 - p p k - p p r 
1 - - - - - b n - 
  a b c d e f g h 
player(2)'s turn:
capture moves: 
placeful moves: d8e8 d8c8 d8d7 b8d7 b8c6 b8a6 g8h6 g8f6 a7a5 a7a6 b7b5 b7b6 c7c5 c7c6 e7e5 e7e6 f7f5 f7f6 g7g5 g7g6 
round12:
8 R N - K - B - - 
7 P P P - P P P - 
6 - - - - - - - N 
5 - - - - - - - - 
4 p - - - - - - - 
3 - - - - - - - - 
2 - p p k - p p r 
1 - - - - - b n - 
  a b c d e f g h 
player(1)'s turn:
capture moves: h2h6 
placeful moves: d2e2 d2d3 d2d1 d2e3 d2e1 d2c3 d2c1 f1e2 f1d3 f1c4 f1b5 f1a6 g1e2 g1h3 g1f3 h2h3 h2h4 h2h5 h2h1 a4a5 b2b4 b2b3 c2c4 c2c3 f2f4 f2f3 g2g4 g2g3 
round12:
8 R N - K - B - - 
7 P P P - P P P - 
6 - - - - - - - r 
5 - - - - - - - - 
4 p - - - - - - - 
3 - - - - - - - - 
2 - p p k - p p - 
1 - - - - - b n - 
  a b c d e f g h 
player(2)'s turn:
capture moves: g7h6 
placeful moves: d8e8 d8c8 d8d7 b8d7 b8c6 b8a6 a7a5 a7a6 b7b5 b7b6 c7c5 c7c6 e7e5 e7e6 f7f5 f7f6 g7g5 g7g6 
round13:
8 R N - K - B - - 
7 P P P - P P - - 
6 - - - - - - - P 
5 - - - - - - - - 
4 p - - - - - - - 
3 - - - - - - - - 
2 - p p k - p p - 
1 - - - - - b n - 
  a b c d e f g h 
player(1)'s turn:
capture moves: 
placeful moves: d2e2 d2d3 d2d1 d2e3 d2e1 d2c3 d2c1 f1e2 f1d3 f1c4 f1b5 f1a6 g1e2 g1h3 g1f3 a4a5 b2b4 b2b3 c2c4 c2c3 f2f4 f2f3 g2g4 g2g3 
round13:
8 R N - K - B - - 
7 P P P - P P - - 
6 - - - - - - - P 
5 - - - - - - - - 
4 p - b - - - - - 
3 - - - - - - - - 
2 - p p k - p p - 
1 - - - - - - n - 
  a b c d e f g h 
player(2)'s turn:
capture moves: 
placeful moves: d8e8 d8c8 d8d7 f8g7 b8d7 b8c6 b8a6 a7a5 a7a6 b7b5 b7b6 c7c5 c7c6 e7e5 e7e6 f7f5 f7f6 h6h5 
round14:
8 R N - K - B - - 
7 P P P - - P - - 
6 - - - - P - - P 
5 - - - - - - - - 
4 p - b - - - - - 
3 - - - - - - - - 
2 - p p k - p p - 
1 - - - - - - n - 
  a b c d e f g h 
player(1)'s turn:
capture moves: c4e6 
placeful moves: d2e2 d2d3 d2d1 d2e3 d2e1 d2c3 d2c1 c4d5 c4b5 c4a6 c4d3 c4e2 c4f1 c4b3 c4a2 g1e2 g1h3 g1f3 a4a5 b2b4 b2b3 c2c3 f2f4 f2f3 g2g4 g2g3 
round14:
8 R N - K - B - - 
7 P P P - - P - - 
6 - - - - b - - P 
5 - - - - - - - - 
4 p - - - - - - - 
3 - - - - - - - - 
2 - p p k - p p - 
1 - - - - - - n - 
  a b c d e f g h 
player(2)'s turn:
capture moves: f7e6 
placeful moves: d8e8 d8e7 f8g7 f8e7 f8d6 f8c5 f8b4 f8a3 b8d7 b8c6 b8a6 a7a5 a7a6 b7b5 b7b6 c7c5 c7c6 f7f5 f7f6 h6h5 
round15:
8 R N - K - B - - 
7 P P P - - - - - 
6 - - - - P - - P 
5 - - - - - - - - 
4 p - - - - - - - 
3 - - - - - - - - 
2 - p p k - p p - 
1 - - - - - - n - 
  a b c d e f g h 
player(1)'s turn:
capture moves: 
placeful moves: d2e2 d2d3 d2d1 d2e3 d2e1 d2c3 d2c1 g1e2 g1h3 g1f3 a4a5 b2b4 b2b3 c2c4 c2c3 f2f4 f2f3 g2g4 g2g3 
round15:
8 R N - K - B - - 
7 P P P - - - - - 
6 - - - - P - - P 
5 - - - - - - - - 
4 p - - - - - - - 
3 - - - - - - - - 
2 - p p - k p p - 
1 - - - - - - n - 
  a b c d e f g h 
player(2)'s turn:
capture moves: 
placeful moves: d8e8 d8c8 d8d7 d8e7 f8g7 f8e7 f8d6 f8c5 f8b4 f8a3 b8d7 b8c6 b8a6 a7a5 a7a6 b7b5 b7b6 c7c5 c7c6 e6e5 h6h5 
round16:
8 R N - K - - - - 
7 P P P - - - - - 
6 - - - - P - - P 
5 - - B - - - - - 
4 p - - - - - - - 
3 - - - - - - - - 
2 - p p - k p p - 
1 - - - - - - n - 
  a b c d e f g h 
player(1)'s turn:
capture moves: 
placeful moves: e2d2 e2e1 e2f3 e2f1 e2d3 e2d1 g1h3 g1f3 a4a5 b2b4 b2b3 c2c4 c2c3 f2f4 f2f3 g2g4 g2g3 
round16:
8 R N - K - - - - 
7 P P P - - - - - 
6 - - - - P - - P 
5 - - B - - - - - 
4 p - - - - - - - 
3 - - - - - - - n 
2 - p p - k p p - 
1 - - - - - - - - 
  a b c d e f g h 
player(2)'s turn:
capture moves: c5f2 
placeful moves: d8e8 d8c8 d8d7 d8e7 c5d6 c5e7 c5f8 c5b6 c5d4 c5e3 c5b4 c5a3 b8d7 b8c6 b8a6 a7a5 a7a6 b7b5 b7b6 c7c6 e6e5 h6h5 
round17:
8 R N - K - - - - 
7 P P P - - - - - 
6 - - - - P - - P 
5 - - - - - - - - 
4 p - - - - - - - 
3 - - - - - - - n 
2 - p p - k B p - 
1 - - - - - - - - 
  a b c d e f g h 
player(1)'s turn:
capture moves: e2f2 h3f2 
placeful moves: e2d2 e2f3 e2f1 e2d3 e2d1 h3f4 h3g5 h3g1 a4a5 b2b4 b2b3 c2c4 c2c3 g2g4 g2g3 
round17:
8 R N - K - - - - 
7 P P P - - - - - 
6 - - - - P - - P 
5 - - - - - - - - 
4 p - - - - - - - 
3 - - - - - - - n 
2 - p p - - k p - 
1 - - - - - - - - 
  a b c d e f g h 
player(2)'s turn:
capture moves: 
placeful moves: d8e8 d8c8 d8d7 d8e7 b8d7 b8c6 b8a6 a7a5 a7a6 b7b5 b7b6 c7c5 c7c6 e6e5 h6h5 
round18:
8 R N K - - - - - 
7 P P P - - - - - 
6 - - - - P - - P 
5 - - - - - - - - 
4 p - - - - - - - 
3 - - - - - - - n 
2 - p p - - k p - 
1 - - - - - - - - 
  a b c d e f g h 
player(1)'s turn:
capture moves: 
placeful moves: f2e2 f2f3 f2f1 f2g3 f2g1 f2e3 f2e1 h3f4 h3g5 h3g1 a4a5 b2b4 b2b3 c2c4 c2c3 g2g4 g2g3 
round18:
8 R N K - - - - - 
7 P P P - - - - - 
6 - - - - P - - P 
5 - - - - - - - - 
4 p - - - - n - - 
3 - - - - - - - - 
2 - p p - - k p - 
1 - - - - - - - - 
  a b c d e f g h 
player(2)'s turn:
capture moves: 
placeful moves: c8d8 c8d7 b8d7 b8c6 b8a6 a7a5 a7a6 b7b5 b7b6 c7c5 c7c6 e6e5 h6h5 
round19:
8 R N K - - - - - 
7 P P P - - - - - 
6 - - - - - - - P 
5 - - - - P - - - 
4 p - - - - n - - 
3 - - - - - - - - 
2 - p p - - k p - 
1 - - - - - - - - 
  a b c d e f g h 
player(1)'s turn:
capture moves: 
placeful moves: f2e2 f2f3 f2f1 f2g3 f2g1 f2e3 f2e1 f4h5 f4h3 f4d5 f4d3 f4g6 f4e6 f4e2 a4a5 b2b4 b2b3 c2c4 c2c3 g2g4 g2g3 
