c2c4
d7d5
c4d5
d8d5
a2a4
d5d2
b1d2
e7e6
b2b4
f8b4
a4a5
b4d2
e1d2
g8f6
f2f3
f6g8
h2h4
h7h5
f3f4
g8f6
c1a3
f6e4
d2e3
e4d6
a3d6
c7d6
d1d6
b8c6
d6c6
b7c6
a5a6
c8a6
a1a6
c6c5
a6e6
f7e6
g2g4
h5g4
e3f2
h8h4
h1h4
e8f7
h4g4
a8f8
g4g7
f7g7
g1h3
f8f4
h3f4
g7f7
f4e6
f7e6
e2e4
e6e5
f2e3
e5e6
e3d3
