round0:
8 R N B Q K B N R 
7 P P P P P P P P 
6 - - - - - - - - 
5 - - - - - - - - 
4 - - - - - - - - 
3 - - - - - - - - 
2 p p p p p p p p 
1 r n b q k b n r 
  a b c d e f g h 
player(1) move:
capture moves: 
placeful moves: b1c3 b1a3 g1h3 g1f3 a2a4 a2a3 b2b4 b2b3 c2c4 c2c3 d2d4 d2d3 e2e4 e2e3 f2f4 f2f3 g2g4 g2g3 h2h4 h2h3 
b1c3
Basic::act() is called
round0:
8 R N B Q K B N R 
7 P P P P P P P P 
6 - - - - - - - - 
5 - - - - - - - - 
4 - - - - - - - - 
3 - - n - - - - - 
2 p p p p p p p p 
1 r - b q k b n r 
  a b c d e f g h 
player(2) move:
capture moves: 
placeful moves: b8c6 b8a6 g8h6 g8f6 a7a5 a7a6 b7b5 b7b6 c7c5 c7c6 d7d5 d7d6 e7e5 e7e6 f7f5 f7f6 g7g5 g7g6 h7h5 h7h6 
b8c6
Basic::act() is called
round1:
8 R - B Q K B N R 
7 P P P P P P P P 
6 - - N - - - - - 
5 - - - - - - - - 
4 - - - - - - - - 
3 - - n - - - - - 
2 p p p p p p p p 
1 r - b q k b n r 
  a b c d e f g h 
player(1) move:
capture moves: 
placeful moves: c3e4 c3a4 c3d5 c3b5 c3b1 g1h3 g1f3 a1b1 a2a4 a2a3 b2b4 b2b3 c2c4 d2d4 d2d3 e2e4 e2e3 f2f4 f2f3 g2g4 g2g3 h2h4 h2h3 
c3e4
Basic::act() is called
round1:
8 R - B Q K B N R 
7 P P P P P P P P 
6 - - N - - - - - 
5 - - - - - - - - 
4 - - - - n - - - 
3 - - - - - - - - 
2 p p p p p p p p 
1 r - b q k b n r 
  a b c d e f g h 
player(2) move:
capture moves: 
placeful moves: c6e5 c6a5 c6d4 c6b8 c6b4 g8h6 g8f6 a8b8 a7a5 a7a6 b7b5 b7b6 c7c5 d7d5 d7d6 e7e5 e7e6 f7f5 f7f6 g7g5 g7g6 h7h5 h7h6 
c6e5
Basic::act() is called
round2:
8 R - B Q K B N R 
7 P P P P P P P P 
6 - - - - - - - - 
5 - - - - N - - - 
4 - - - - n - - - 
3 - - - - - - - - 
2 p p p p p p p p 
1 r - b q k b n r 
  a b c d e f g h 
player(1) move:
capture moves: 
placeful moves: e4g5 e4g3 e4c5 e4c3 e4f6 e4d6 g1h3 g1f3 a1b1 a2a4 a2a3 b2b4 b2b3 c2c4 c2c3 d2d4 d2d3 e2e3 f2f4 f2f3 g2g4 g2g3 h2h4 h2h3 
e4g5
Basic::act() is called
round2:
8 R - B Q K B N R 
7 P P P P P P P P 
6 - - - - - - - - 
5 - - - - N - n - 
4 - - - - - - - - 
3 - - - - - - - - 
2 p p p p p p p p 
1 r - b q k b n r 
  a b c d e f g h 
player(2) move:
capture moves: 
placeful moves: e5g6 e5g4 e5c6 e5c4 e5f3 e5d3 g8h6 g8f6 a8b8 a7a5 a7a6 b7b5 b7b6 c7c5 c7c6 d7d5 d7d6 e7e6 f7f5 f7f6 g7g6 h7h5 h7h6 
e5g6
Basic::act() is called
round3:
8 R - B Q K B N R 
7 P P P P P P P P 
6 - - - - - - N - 
5 - - - - - - n - 
4 - - - - - - - - 
3 - - - - - - - - 
2 p p p p p p p p 
1 r - b q k b n r 
  a b c d e f g h 
player(1) move:
capture moves: g5h7 g5f7 
placeful moves: g5e6 g5e4 g5h3 g5f3 g1h3 g1f3 a1b1 a2a4 a2a3 b2b4 b2b3 c2c4 c2c3 d2d4 d2d3 e2e4 e2e3 f2f4 f2f3 g2g4 g2g3 h2h4 h2h3 
g5h7
Capture::act() is called
round3:
8 R - B Q K B N R 
7 P P P P P P P n 
6 - - - - - - N - 
5 - - - - - - - - 
4 - - - - - - - - 
3 - - - - - - - - 
2 p p p p p p p p 
1 r - b q k b n r 
  a b c d e f g h 
player(2) move:
capture moves: h8h7 
placeful moves: g6e5 g6h4 g6f4 g8h6 g8f6 a8b8 a7a5 a7a6 b7b5 b7b6 c7c5 c7c6 d7d5 d7d6 e7e5 e7e6 f7f5 f7f6 g7g5 
h8h7
Capture::act() is called
round4:
8 R - B Q K B N - 
7 P P P P P P P R 
6 - - - - - - N - 
5 - - - - - - - - 
4 - - - - - - - - 
3 - - - - - - - - 
2 p p p p p p p p 
1 r - b q k b n r 
  a b c d e f g h 
player(1) move:
capture moves: 
placeful moves: g1h3 g1f3 a1b1 a2a4 a2a3 b2b4 b2b3 c2c4 c2c3 d2d4 d2d3 e2e4 e2e3 f2f4 f2f3 g2g4 g2g3 h2h4 h2h3 
g1h3
Basic::act() is called
round4:
8 R - B Q K B N - 
7 P P P P P P P R 
6 - - - - - - N - 
5 - - - - - - - - 
4 - - - - - - - - 
3 - - - - - - - n 
2 p p p p p p p p 
1 r - b q k b - r 
  a b c d e f g h 
player(2) move:
capture moves: h7h3 
placeful moves: g6e5 g6h8 g6h4 g6f4 g8h6 g8f6 a8b8 h7h8 h7h6 h7h5 h7h4 a7a5 a7a6 b7b5 b7b6 c7c5 c7c6 d7d5 d7d6 e7e5 e7e6 f7f5 f7f6 g7g5 
h7h3
Capture::act() is called
round5:
8 R - B Q K B N - 
7 P P P P P P P - 
6 - - - - - - N - 
5 - - - - - - - - 
4 - - - - - - - - 
3 - - - - - - - R 
2 p p p p p p p p 
1 r - b q k b - r 
  a b c d e f g h 
player(1) move:
capture moves: g2h3 
placeful moves: a1b1 h1g1 a2a4 a2a3 b2b4 b2b3 c2c4 c2c3 d2d4 d2d3 e2e4 e2e3 f2f4 f2f3 g2g4 g2g3 h2h4 
g2h3
Capture::act() is called
round5:
8 R - B Q K B N - 
7 P P P P P P P - 
6 - - - - - - N - 
5 - - - - - - - - 
4 - - - - - - - - 
3 - - - - - - - p 
2 p p p p p p - p 
1 r - b q k b - r 
  a b c d e f g h 
player(2) move:
capture moves: 
placeful moves: g6e5 g6h8 g6h4 g6f4 g8h6 g8f6 a8b8 a7a5 a7a6 b7b5 b7b6 c7c5 c7c6 d7d5 d7d6 e7e5 e7e6 f7f5 f7f6 g7g5 
g6e5
Basic::act() is called
round6:
8 R - B Q K B N - 
7 P P P P P P P - 
6 - - - - - - - - 
5 - - - - N - - - 
4 - - - - - - - - 
3 - - - - - - - p 
2 p p p p p p - p 
1 r - b q k b - r 
  a b c d e f g h 
player(1) move:
capture moves: 
placeful moves: f1g2 a1b1 h1g1 a2a4 a2a3 b2b4 b2b3 c2c4 c2c3 d2d4 d2d3 e2e4 e2e3 f2f4 f2f3 h3h4 h2h4 
